[bucketadmin.themebucket.net/index.html]
[bucketadmin.themebucket.net/images/favicon.png]
[backblue.gif]
[fade.gif]
[index.html]
[bucketadmin.themebucket.net/index-2.html]
[bucketadmin.themebucket.net/images/logo.png]
[bucketadmin.themebucket.net/images/avatar-mini.jpg]
[bucketadmin.themebucket.net/images/avatar-mini-2.jpg]
[bucketadmin.themebucket.net/images/avatar-mini-3.jpg]
[bucketadmin.themebucket.net/images/avatar1_small.jpg]
[bucketadmin.themebucket.net/login.html]
[bucketadmin.themebucket.net/boxed_page.html]
[bucketadmin.themebucket.net/horizontal_menu.html]
[bucketadmin.themebucket.net/language_switch.html]
[bucketadmin.themebucket.net/general.html]
[bucketadmin.themebucket.net/buttons.html]
[bucketadmin.themebucket.net/widget.html]
[bucketadmin.themebucket.net/slider.html]
[bucketadmin.themebucket.net/tree_view.html]
[bucketadmin.themebucket.net/nestable.html]
[bucketadmin.themebucket.net/grids.html]
[bucketadmin.themebucket.net/calendar.html]
[bucketadmin.themebucket.net/draggable_portlet.html]
[bucketadmin.themebucket.net/fontawesome.html]
[bucketadmin.themebucket.net/basic_table.html]
[bucketadmin.themebucket.net/responsive_table.html]
[bucketadmin.themebucket.net/dynamic_table.html]
[bucketadmin.themebucket.net/editable_table.html]
[bucketadmin.themebucket.net/form_component.html]
[bucketadmin.themebucket.net/advanced_form.html]
[bucketadmin.themebucket.net/form_wizard.html]
[bucketadmin.themebucket.net/form_validation.html]
[bucketadmin.themebucket.net/file_upload.html]
[bucketadmin.themebucket.net/dropzone.html]
[bucketadmin.themebucket.net/inline_editor.html]
[bucketadmin.themebucket.net/mail.html]
[bucketadmin.themebucket.net/mail_compose.html]
[bucketadmin.themebucket.net/mail_view.html]
[bucketadmin.themebucket.net/chartjs.html]
[bucketadmin.themebucket.net/morris.html]
[bucketadmin.themebucket.net/flot_chart.html]
[bucketadmin.themebucket.net/c3_chart.html]
[bucketadmin.themebucket.net/google_map.html]
[bucketadmin.themebucket.net/vector_map.html]
[bucketadmin.themebucket.net/blank.html]
[bucketadmin.themebucket.net/lock_screen.html]
[bucketadmin.themebucket.net/profile.html]
[bucketadmin.themebucket.net/invoice.html]
[bucketadmin.themebucket.net/pricing_table.html]
[bucketadmin.themebucket.net/timeline.html]
[bucketadmin.themebucket.net/gallery.html]
[bucketadmin.themebucket.net/404.html]
[bucketadmin.themebucket.net/500.html]
[bucketadmin.themebucket.net/registration.html]
[bucketadmin.themebucket.net/images/chat-user-thumb.png]
[bucketadmin.themebucket.net/images/chat-user-thumb-f.png]
[bucketadmin.themebucket.net/images/weather_image.jpg]
[bucketadmin.themebucket.net/images/avatar1.jpg]
[bucketadmin.themebucket.net/images/chat-avatar2.jpg]
[cdnjs.cloudflare.com/ajax/librarys/jquery-easing/1.3/jquery.easing.min.js]
[cdnjs.cloudflare.com/ajax/librarys/underscore.js/1.5.2/underscore-min.js]
[bucketadmin.themebucket.net/index.html]
[bucketadmin.themebucket.net/images/favicon.html]
[bucketadmin.themebucket.net/bs3/fonts/glyphicons-halflings-regular.eot]
[bucketadmin.themebucket.net/bs3/fonts/glyphicons-halflings-regular.woff]
[bucketadmin.themebucket.net/bs3/fonts/glyphicons-halflings-regulard41d.eot]
[bucketadmin.themebucket.net/bs3/fonts/glyphicons-halflings-regular.ttf]
[bucketadmin.themebucket.net/bs3/css/bootstrap.min.css]
[bucketadmin.themebucket.net/assets/jquery-ui/images/animated-overlay.gif]
[bucketadmin.themebucket.net/assets/jquery-ui/images/ui-bg_highlight-soft_100_eeeeee_1x100.png]
[bucketadmin.themebucket.net/assets/jquery-ui/images/ui-bg_gloss-wave_35_f6a828_500x100.png]
[bucketadmin.themebucket.net/assets/jquery-ui/images/ui-bg_glass_100_f6f6f6_1x400.png]
[bucketadmin.themebucket.net/assets/jquery-ui/images/ui-bg_glass_100_fdf5ce_1x400.png]
[bucketadmin.themebucket.net/assets/jquery-ui/images/ui-bg_glass_65_ffffff_1x400.png]
[bucketadmin.themebucket.net/assets/jquery-ui/images/ui-bg_highlight-soft_75_ffe45c_1x100.png]
[bucketadmin.themebucket.net/assets/jquery-ui/images/ui-bg_diagonals-thick_18_b81900_40x40.png]
[bucketadmin.themebucket.net/assets/jquery-ui/images/ui-icons_222222_256x240.png]
[bucketadmin.themebucket.net/assets/jquery-ui/images/ui-icons_ffffff_256x240.png]
[bucketadmin.themebucket.net/assets/jquery-ui/images/ui-icons_ef8c08_256x240.png]
[bucketadmin.themebucket.net/assets/jquery-ui/images/ui-icons_228ef1_256x240.png]
[bucketadmin.themebucket.net/assets/jquery-ui/images/ui-icons_ffd27a_256x240.png]
[bucketadmin.themebucket.net/assets/jquery-ui/images/ui-bg_diagonals-thick_20_666666_40x40.png]
[bucketadmin.themebucket.net/assets/jquery-ui/images/ui-bg_flat_10_000000_40x100.png]
[bucketadmin.themebucket.net/assets/jquery-ui/jquery-ui-1.10.1.custom.min.css]
[bucketadmin.themebucket.net/css/bootstrap-reset.css]
[bucketadmin.themebucket.net/assets/font-awesome/fonts/fontawesome-webfontba72.eot]
[bucketadmin.themebucket.net/assets/font-awesome/fonts/fontawesome-webfontd41d.eot]
[bucketadmin.themebucket.net/assets/font-awesome/fonts/fontawesome-webfontba72.woff]
[bucketadmin.themebucket.net/assets/font-awesome/fonts/fontawesome-webfontba72.ttf]
[bucketadmin.themebucket.net/assets/font-awesome/css/font-awesome.css]
[bucketadmin.themebucket.net/assets/jvector-map/jquery-jvectormap-1.2.2.css]
[bucketadmin.themebucket.net/css/clndr.css]
[bucketadmin.themebucket.net/assets/css3clock/images/clockface.png]
[bucketadmin.themebucket.net/assets/css3clock/images/sechand.png]
[bucketadmin.themebucket.net/assets/css3clock/images/minhand.png]
[bucketadmin.themebucket.net/assets/css3clock/images/hourhand.png]
[bucketadmin.themebucket.net/assets/css3clock/css/style.css]
[bucketadmin.themebucket.net/assets/morris-chart/morris.css]
[bucketadmin.themebucket.net/images/nav-expand.png]
[bucketadmin.themebucket.net/images/acc-expand.png]
[bucketadmin.themebucket.net/images/top-arrow.png]
[bucketadmin.themebucket.net/images/search-icon.png]
[bucketadmin.themebucket.net/images/twitter_corner_blue.png]
[bucketadmin.themebucket.net/images/twitter_corner_black.png]
[bucketadmin.themebucket.net/images/customSelect-arrow.gif]
[bucketadmin.themebucket.net/images/lock-screen.jpg]
[bucketadmin.themebucket.net/css/style.css]
[bucketadmin.themebucket.net/css/style-responsive.css]
[bucketadmin.themebucket.net/index-2.html]
[bucketadmin.themebucket.net/login.html]
[bucketadmin.themebucket.net/boxed_page.html]
[bucketadmin.themebucket.net/font_awesome.html]
[bucketadmin.themebucket.net/horizontal_menu.html]
[bucketadmin.themebucket.net/images/flags/us.png]
[bucketadmin.themebucket.net/images/flags/es.png]
[bucketadmin.themebucket.net/images/flags/de.png]
[bucketadmin.themebucket.net/images/flags/ru.png]
[bucketadmin.themebucket.net/images/flags/fr.png]
[bucketadmin.themebucket.net/language_switch.html]
[bucketadmin.themebucket.net/general.html]
[bucketadmin.themebucket.net/buttons.html]
[bucketadmin.themebucket.net/images/lock_thumb.jpg]
[bucketadmin.themebucket.net/images/product_img.png]
[bucketadmin.themebucket.net/widget.html]
[bucketadmin.themebucket.net/slider.html]
[bucketadmin.themebucket.net/tree_view.html]
[bucketadmin.themebucket.net/nestable.html]
[bucketadmin.themebucket.net/grids.html]
[bucketadmin.themebucket.net/calendar.html]
[bucketadmin.themebucket.net/draggable_portlet.html]
[bucketadmin.themebucket.net/fontawesome.html]
[bucketadmin.themebucket.net/basic_table.html]
[bucketadmin.themebucket.net/responsive_table.html]
[bucketadmin.themebucket.net/dynamic_table.html]
[bucketadmin.themebucket.net/editable_table.html]
[bucketadmin.themebucket.net/form_component.html]
[bucketadmin.themebucket.net/advanced_form.html]
[bucketadmin.themebucket.net/form_wizard.html]
[bucketadmin.themebucket.net/form_validation.html]
[bucketadmin.themebucket.net/file_upload.html]
[bucketadmin.themebucket.net/dropzone.html]
[bucketadmin.themebucket.net/inline_editor.html]
[bucketadmin.themebucket.net/mail.html]
[bucketadmin.themebucket.net/mail_compose.html]
[bucketadmin.themebucket.net/mail_view.html]
[bucketadmin.themebucket.net/morris.html]
[bucketadmin.themebucket.net/chartjs.html]
[bucketadmin.themebucket.net/flot_chart.html]
[bucketadmin.themebucket.net/c3_chart.html]
[bucketadmin.themebucket.net/google_map.html]
[bucketadmin.themebucket.net/vector_map.html]
[bucketadmin.themebucket.net/blank.html]
[bucketadmin.themebucket.net/lock_screen.html]
[bucketadmin.themebucket.net/profile.html]
[bucketadmin.themebucket.net/invoice.html]
[bucketadmin.themebucket.net/pricing_table.html]
[bucketadmin.themebucket.net/timeline.html]
[bucketadmin.themebucket.net/gallery.html]
[bucketadmin.themebucket.net/404.html]
[bucketadmin.themebucket.net/500.html]
[bucketadmin.themebucket.net/registration.html]
[bucketadmin.themebucket.net/js/library/jquery.js]
[bucketadmin.themebucket.net/assets/jquery-ui/jquery-ui-1.10.1.custom.min.js]
[bucketadmin.themebucket.net/bs3/js/bootstrap.min.js]
[bucketadmin.themebucket.net/js/accordion-menu/jquery.dcjqaccordion.2.7.js]
[bucketadmin.themebucket.net/js/scrollTo/jquery.scrollTo.min.js]
[bucketadmin.themebucket.net/assets/jQuery-slimScroll-1.3.0/jquery.slimscroll.js]
[bucketadmin.themebucket.net/js/nicescroll/jquery.nicescroll.js]
[bucketadmin.themebucket.net/assets/skycons/skycons.js]
[bucketadmin.themebucket.net/assets/jquery.scrollTo/jquery.scrollTo.js]
[bucketadmin.themebucket.net/assets/calendar/clndr.js]
[bucketadmin.themebucket.net/assets/calendar/moment-2.2.1.js]
[bucketadmin.themebucket.net/js/calendar/evnt.calendar.init.js]
[bucketadmin.themebucket.net/assets/jvector-map/jquery-jvectormap-1.2.2.min.js]
[bucketadmin.themebucket.net/assets/jvector-map/jquery-jvectormap-us-lcc-en.js]
[bucketadmin.themebucket.net/assets/gauge/gauge.js]
[bucketadmin.themebucket.net/assets/css3clock/js/script.js]
[bucketadmin.themebucket.net/assets/easypiechart/jquery.easypiechart.js]
[bucketadmin.themebucket.net/assets/sparkline/jquery.sparkline.js]
[bucketadmin.themebucket.net/assets/morris-chart/morris.js]
[bucketadmin.themebucket.net/assets/morris-chart/raphael-min.js]
[bucketadmin.themebucket.net/assets/flot-chart/jquery.flot.js]
[bucketadmin.themebucket.net/assets/flot-chart/jquery.flot.tooltip.min.js]
[bucketadmin.themebucket.net/assets/flot-chart/jquery.flot.resize.js]
[bucketadmin.themebucket.net/assets/flot-chart/jquery.flot.pie.resize.js]
[bucketadmin.themebucket.net/assets/flot-chart/jquery.flot.animator.min.js]
[bucketadmin.themebucket.net/assets/flot-chart/jquery.flot.growraf.js]
[bucketadmin.themebucket.net/js/dashboard.js]
[bucketadmin.themebucket.net/js/custom-select/jquery.customSelect.min.js]
[bucketadmin.themebucket.net/js/scripts.js]
[bucketadmin.themebucket.net/bs3/fonts/glyphicons-halflings-regular.svg]
[bucketadmin.themebucket.net/assets/font-awesome/fonts/fontawesome-webfontba72.svg]
[bucketadmin.themebucket.net/css/bucket-ico-fonts.css]
[bucketadmin.themebucket.net/font_awesome.html]
[bucketadmin.themebucket.net/js/hover-down/hover-dropdown.js]
[bucketadmin.themebucket.net/assets/gritter/css/jquery.gritter.css]
[bucketadmin.themebucket.net/js/library/jquery-1.8.3.min.js]
[bucketadmin.themebucket.net/assets/gritter/js/jquery.gritter.js]
[bucketadmin.themebucket.net/js/gritter/gritter.js]
[bucketadmin.themebucket.net/assets/bootstrap-switch-master/build/css/bootstrap3/bootstrap-switch.css]
[bucketadmin.themebucket.net/assets/jplayer/skin/blue.monday/jplayer.blue.monday.css]
[bucketadmin.themebucket.net/assets/bootstrap-switch-master/build/js/bootstrap-switch.js]
[bucketadmin.themebucket.net/assets/jplayer/js/jquery.jplayer.min.js]
[bucketadmin.themebucket.net/assets/jplayer/jplayer.init.js]
[bucketadmin.themebucket.net/js/toggle-button/toggle-init.js]
[bucketadmin.themebucket.net/assets/ion.rangeSlider-1.8.2/css/ion.rangeSlider.css]
[bucketadmin.themebucket.net/assets/ion.rangeSlider-1.8.2/css/ion.rangeSlider.skinFlat.css]
[bucketadmin.themebucket.net/assets/ion.rangeSlider-1.8.2/js/ion-rangeSlider/ion.rangeSlider.min.js]
[bucketadmin.themebucket.net/assets/fuelux/css/tree-style.css]
[bucketadmin.themebucket.net/assets/fuelux/js/tree.min.js]
[bucketadmin.themebucket.net/js/tree/tree.js]
[bucketadmin.themebucket.net/assets/nestable/jquery.nestable.css]
[bucketadmin.themebucket.net/assets/nestable/jquery.nestable.js]
[bucketadmin.themebucket.net/js/nestable/nestable.js]
[bucketadmin.themebucket.net/assets/fullcalendar/fullcalendar/bootstrap-fullcalendar.css]
[bucketadmin.themebucket.net/js/library/jquery-ui-1.9.2.custom.min.js]
[bucketadmin.themebucket.net/assets/fullcalendar/fullcalendar/fullcalendar.min.js]
[bucketadmin.themebucket.net/js/calendar/external-dragging-calendar.js]
[bucketadmin.themebucket.net/js/draggable-portlet/draggable-portlet.js]
[bucketadmin.themebucket.net/css/table-responsive.css]
[bucketadmin.themebucket.net/assets/advanced-datatable/media/css/demo_page.css]
[bucketadmin.themebucket.net/assets/advanced-datatable/media/css/demo_table.css]
[bucketadmin.themebucket.net/assets/data-tables/DT_bootstrap.css]
[bucketadmin.themebucket.net/assets/advanced-datatable/media/js/jquery.dataTables.js]
[bucketadmin.themebucket.net/assets/data-tables/DT_bootstrap.js]
[bucketadmin.themebucket.net/js/dynamic_table/dynamic_table_init.js]
[bucketadmin.themebucket.net/assets/data-tables/jquery.dataTables.js]
[bucketadmin.themebucket.net/js/editable-table/table-editable.js]
[bucketadmin.themebucket.net/assets/iCheck-master/skins/minimal/minimal.css]
[bucketadmin.themebucket.net/assets/iCheck-master/skins/minimal/red.css]
[bucketadmin.themebucket.net/assets/iCheck-master/skins/minimal/green.css]
[bucketadmin.themebucket.net/assets/iCheck-master/skins/minimal/blue.css]
[bucketadmin.themebucket.net/assets/iCheck-master/skins/minimal/yellow.css]
[bucketadmin.themebucket.net/assets/iCheck-master/skins/minimal/purple.css]
[bucketadmin.themebucket.net/assets/iCheck-master/skins/square/square.css]
[bucketadmin.themebucket.net/assets/iCheck-master/skins/square/red.css]
[bucketadmin.themebucket.net/assets/iCheck-master/skins/square/green.css]
[bucketadmin.themebucket.net/assets/iCheck-master/skins/square/blue.css]
[bucketadmin.themebucket.net/assets/iCheck-master/skins/square/yellow.css]
[bucketadmin.themebucket.net/assets/iCheck-master/skins/square/purple.css]
[bucketadmin.themebucket.net/assets/iCheck-master/skins/flat/grey.css]
[bucketadmin.themebucket.net/assets/iCheck-master/skins/flat/red.css]
[bucketadmin.themebucket.net/assets/iCheck-master/skins/flat/green.css]
[bucketadmin.themebucket.net/assets/iCheck-master/skins/flat/blue.css]
[bucketadmin.themebucket.net/assets/iCheck-master/skins/flat/yellow.css]
[bucketadmin.themebucket.net/assets/iCheck-master/skins/flat/purple.css]
[bucketadmin.themebucket.net/assets/iCheck-master/jquery.icheck.js]
[bucketadmin.themebucket.net/assets/ckeditor/ckeditor.js]
[bucketadmin.themebucket.net/js/icheck/icheck-init.js]
[bucketadmin.themebucket.net/assets/bootstrap-fileupload/bootstrap-fileupload.css]
[bucketadmin.themebucket.net/assets/bootstrap-wysihtml5/bootstrap-wysihtml5.css]
[bucketadmin.themebucket.net/assets/bootstrap-datepicker/css/datepicker.css]
[bucketadmin.themebucket.net/assets/bootstrap-timepicker/compiled/timepicker.css]
[bucketadmin.themebucket.net/assets/bootstrap-colorpicker/css/colorpicker.css]
[bucketadmin.themebucket.net/assets/bootstrap-daterangepicker/daterangepicker-bs3.css]
[bucketadmin.themebucket.net/assets/bootstrap-datetimepicker/css/datetimepicker.css]
[bucketadmin.themebucket.net/assets/jquery-multi-select/css/multi-select.css]
[bucketadmin.themebucket.net/assets/jquery-tags-input/jquery.tagsinput.css]
[bucketadmin.themebucket.net/assets/select2-master/select2.css]
[bucketadmin.themebucket.net/assets/fuelux/js/spinner.min.js]
[bucketadmin.themebucket.net/assets/bootstrap-fileupload/bootstrap-fileupload.js]
[bucketadmin.themebucket.net/assets/bootstrap-wysihtml5/wysihtml5-0.3.0.js]
[bucketadmin.themebucket.net/assets/bootstrap-wysihtml5/bootstrap-wysihtml5.js]
[bucketadmin.themebucket.net/assets/bootstrap-datepicker/js/bootstrap-datepicker.js]
[bucketadmin.themebucket.net/assets/bootstrap-datetimepicker/js/bootstrap-datetimepicker.js]
[bucketadmin.themebucket.net/assets/bootstrap-daterangepicker/moment.min.js]
[bucketadmin.themebucket.net/assets/bootstrap-daterangepicker/daterangepicker.js]
[bucketadmin.themebucket.net/assets/bootstrap-colorpicker/js/bootstrap-colorpicker.js]
[bucketadmin.themebucket.net/assets/bootstrap-timepicker/js/bootstrap-timepicker.js]
[bucketadmin.themebucket.net/assets/jquery-multi-select/js/jquery.multi-select.js]
[bucketadmin.themebucket.net/assets/jquery-multi-select/js/jquery.quicksearch.js]
[bucketadmin.themebucket.net/assets/bootstrap-inputmask/bootstrap-inputmask.min.js]
[bucketadmin.themebucket.net/assets/jquery-tags-input/jquery.tagsinput.js]
[bucketadmin.themebucket.net/assets/select2-master/select2.js]
[bucketadmin.themebucket.net/js/select2/select-init.js]
[bucketadmin.themebucket.net/js/advanced-form/advanced-form.js]
[bucketadmin.themebucket.net/assets/jquery-steps-master/demo/css/jquery.stepsc4ca.css]
[bucketadmin.themebucket.net/assets/jquery-steps-master/build/jquery.steps.js]
[bucketadmin.themebucket.net/js/jquery-validate/jquery.validate.min.js]
[bucketadmin.themebucket.net/js/jquery-validate/validation-init.js]
[blueimp.github.io/Gallery/css/blueimp-gallery.min.css]
[bucketadmin.themebucket.net/assets/file-uploader/css/jquery.fileupload.css]
[bucketadmin.themebucket.net/assets/file-uploader/css/jquery.fileupload-ui.css]
[bucketadmin.themebucket.net/assets/file-uploader/css/jquery.fileupload-noscript.css]
[bucketadmin.themebucket.net/assets/file-uploader/css/jquery.fileupload-ui-noscript.css]
[bucketadmin.themebucket.net/assets/file-uploader/js/vendor/jquery.ui.widget.js]
[blueimp.github.io/JavaScript-Templates/js/tmpl.min.js]
[blueimp.github.io/JavaScript-Load-Image/js/load-image.min.js]
[blueimp.github.io/JavaScript-Canvas-to-Blob/js/canvas-to-blob.min.js]
[blueimp.github.io/Gallery/js/jquery.blueimp-gallery.min.js]
[bucketadmin.themebucket.net/assets/file-uploader/js/jquery.iframe-transport.js]
[bucketadmin.themebucket.net/assets/file-uploader/js/jquery.fileupload.js]
[bucketadmin.themebucket.net/assets/file-uploader/js/jquery.fileupload-process.js]
[bucketadmin.themebucket.net/assets/file-uploader/js/jquery.fileupload-image.js]
[bucketadmin.themebucket.net/assets/file-uploader/js/jquery.fileupload-audio.js]
[bucketadmin.themebucket.net/assets/file-uploader/js/jquery.fileupload-video.js]
[bucketadmin.themebucket.net/assets/file-uploader/js/jquery.fileupload-validate.js]
[bucketadmin.themebucket.net/assets/file-uploader/js/jquery.fileupload-ui.js]
[bucketadmin.themebucket.net/assets/file-uploader/js/main.js]
[bucketadmin.themebucket.net/assets/mini-upload-form/assets/css/bucketmin.css]
[bucketadmin.themebucket.net/assets/mini-upload-form/assets/js/jquery.knob.js]
[bucketadmin.themebucket.net/assets/mini-upload-form/assets/js/jquery.ui.widget.js]
[bucketadmin.themebucket.net/assets/mini-upload-form/assets/js/jquery.iframe-transport.js]
[bucketadmin.themebucket.net/assets/mini-upload-form/assets/js/jquery.fileupload.js]
[bucketadmin.themebucket.net/assets/mini-upload-form/assets/js/script.js]
[bucketadmin.themebucket.net/js/morris/morris.init.js]
[bucketadmin.themebucket.net/assets/chart-js/Chart.js]
[bucketadmin.themebucket.net/js/chartjs/chartjs.init.js]
[bucketadmin.themebucket.net/assets/flot-chart/jquery.flot.selection.js]
[bucketadmin.themebucket.net/assets/flot-chart/jquery.flot.stack.js]
[bucketadmin.themebucket.net/assets/flot-chart/jquery.flot.time.js]
[bucketadmin.themebucket.net/js/flot-chart/flot.chart.init.js]
[bucketadmin.themebucket.net/assets/c3-chart/c3.css]
[d3js.org/d3.v3.min.js]
[bucketadmin.themebucket.net/assets/c3-chart/c3.js]
[bucketadmin.themebucket.net/js/c3-chart/c3-chart.init.js]
[bucketadmin.themebucket.net/assets/google-map/maplace.js]
[bucketadmin.themebucket.net/assets/google-map/data/points.js]
[bucketadmin.themebucket.net/assets/jvector-map/jqvmap/jquery.vmap.js]
[bucketadmin.themebucket.net/assets/jvector-map/jqvmap/maps/jquery.vmap.world.js]
[bucketadmin.themebucket.net/assets/jvector-map/jqvmap/data/jquery.vmap.sampledata.js]
[bucketadmin.themebucket.net/assets/jvector-map/jqvmap/maps/continents/jquery.vmap.europe.js]
[bucketadmin.themebucket.net/assets/jvector-map/jqvmap/maps/continents/jquery.vmap.asia.js]
[bucketadmin.themebucket.net/assets/jvector-map/jqvmap/maps/continents/jquery.vmap.australia.js]
[bucketadmin.themebucket.net/img/favicon.png]
[bucketadmin.themebucket.net/css/stylec4ca.css]
[bucketadmin.themebucket.net/images/sm-img-1.jpg]
[bucketadmin.themebucket.net/images/sm-img-2.jpg]
[bucketadmin.themebucket.net/images/sm-img-3.jpg]
[bucketadmin.themebucket.net/images/avatar-mini-4.jpg]
[bucketadmin.themebucket.net/css/invoice-print.css]
[bucketadmin.themebucket.net/images/bucket-logo.png]
[bucketadmin.themebucket.net/images/crazy-price.jpg]
[bucketadmin.themebucket.net/images/gallery/image1.jpg]
[bucketadmin.themebucket.net/images/gallery/image2.jpg]
[bucketadmin.themebucket.net/images/gallery/image3.jpg]
[bucketadmin.themebucket.net/images/gallery/image4.jpg]
[bucketadmin.themebucket.net/images/gallery/image5.jpg]
[bucketadmin.themebucket.net/js/isotope/jquery.isotope.js]
[bucketadmin.themebucket.net/css/bootstrap.min.css]
[bucketadmin.themebucket.net/images/404.png]
[bucketadmin.themebucket.net/images/500.png]
[bucketadmin.themebucket.net/Popover requires tooltip.js]
[bucketadmin.themebucket.net/bucket-ico-fonts/bucket-ico-font.eot]
[bucketadmin.themebucket.net/bucket-ico-fonts/bucket-ico-fontd41d.eot]
[bucketadmin.themebucket.net/bucket-ico-fonts/bucket-ico-font.woff]
[bucketadmin.themebucket.net/bucket-ico-fonts/bucket-ico-font.ttf]
[bucketadmin.themebucket.net/bucket-ico-fonts/bucket-ico-font.svg]
[bucketadmin.themebucket.net/assets/gritter/images/ie-spacer.gif]
[bucketadmin.themebucket.net/assets/gritter/images/gritter.png]
[bucketadmin.themebucket.net/assets/gritter/images/gritter-light.png]
[bucketadmin.themebucket.net/assets/jplayer/skin/blue.monday/jplayer.blue.monday.png]
[bucketadmin.themebucket.net/assets/jplayer/skin/blue.monday/jplayer.blue.monday.seeking.gif]
[bucketadmin.themebucket.net/assets/jplayer/skin/blue.monday/jplayer.blue.monday.video.play.png]
[bucketadmin.themebucket.net/assets/ion.rangeSlider-1.8.2/img/sprite-skin-flat.png]
